// Jest Snapshot v1, https://goo.gl/fbAQLP

exports[`Testing Counter Component should render correctly 1`] = `
ShallowWrapper {
  "length": 1,
  Symbol(enzyme.__root__): [Circular],
  Symbol(enzyme.__unrendered__): <Counter
    count={5}
/>,
  Symbol(enzyme.__renderer__): Object {
    "batchedUpdates": [Function],
    "getNode": [Function],
    "render": [Function],
    "simulateEvent": [Function],
    "unmount": [Function],
  },
  Symbol(enzyme.__node__): Object {
    "instance": null,
    "key": undefined,
    "nodeType": "host",
    "props": Object {
      "children": <h1>
        Você tem 
        10
         counters.
</h1>,
      "className": "Counter",
    },
    "ref": null,
    "rendered": Object {
      "instance": null,
      "key": undefined,
      "nodeType": "host",
      "props": Object {
        "children": Array [
          "Você tem ",
          10,
          " counters.",
        ],
      },
      "ref": null,
      "rendered": Array [
        "Você tem ",
        10,
        " counters.",
      ],
      "type": "h1",
    },
    "type": "div",
  },
  Symbol(enzyme.__nodes__): Array [
    Object {
      "instance": null,
      "key": undefined,
      "nodeType": "host",
      "props": Object {
        "children": <h1>
          Você tem 
          10
           counters.
</h1>,
        "className": "Counter",
      },
      "ref": null,
      "rendered": Object {
        "instance": null,
        "key": undefined,
        "nodeType": "host",
        "props": Object {
          "children": Array [
            "Você tem ",
            10,
            " counters.",
          ],
        },
        "ref": null,
        "rendered": Array [
          "Você tem ",
          10,
          " counters.",
        ],
        "type": "h1",
      },
      "type": "div",
    },
  ],
  Symbol(enzyme.__options__): Object {
    "adapter": ReactSixteenAdapter {
      "options": Object {
        "enableComponentDidUpdateOnSetState": true,
      },
    },
  },
}
`;
